[www.fintraksoftware.com/assets/images/fin-logo-bdg-195x65.jpg]
[backblue.gif]
[fade.gif]
[index.html]
[www.fintraksoftware.com/assets/images/helloquence-61189-min-1-2000x1335.jpg]
[www.fintraksoftware.com/assets/images/all-bong-98724-min-1-1200x600.jpg]
[www.fintraksoftware.com/assets/images/glenn-carstens-peters-203007-min-1-1200x600.jpg]
[www.fintraksoftware.com/assets/images/new-erp-4-1286x1286.png]
[www.fintraksoftware.com/assets/images/aso-150x76.png]
[www.fintraksoftware.com/assets/images/bsic-149x81.png]
[www.fintraksoftware.com/assets/images/polaris-150x76.png]
[www.fintraksoftware.com/assets/images/citycode-150x76.png]
[www.fintraksoftware.com/assets/images/fbn-congo-150x76.png]
[www.fintraksoftware.com/assets/images/fcmb-150x76.png]
[www.fintraksoftware.com/assets/images/fha-150x76.png]
[www.fintraksoftware.com/assets/images/fbn-150x76.png]
[www.fintraksoftware.com/assets/images/haggai-150x76.png]
[www.fintraksoftware.com/assets/images/heritage-149x76.png]
[www.fintraksoftware.com/assets/images/homebase-150x76.png]
[www.fintraksoftware.com/assets/images/jubilee-150x76.png]
[www.fintraksoftware.com/assets/images/keystone-150x76.png]
[www.fintraksoftware.com/assets/images/lbic-149x76.png]
[www.fintraksoftware.com/assets/images/mansard-150x76.png]
[www.fintraksoftware.com/assets/images/wapic-149x76.png]
[www.fintraksoftware.com/assets/images/uba-149x76.png]
[www.fintraksoftware.com/assets/images/unity-150x76.png]
[www.fintraksoftware.com/assets/images/sterling-149x76.png]
[www.fintraksoftware.com/assets/images/access-150x76.png]
[www.fintraksoftware.com/index.html]
[www.fintraksoftware.com/assets/web/assets/mobirise-icons2/mobirise21e04.eot]
[www.fintraksoftware.com/assets/web/assets/mobirise-icons2/mobirise21e04.ttf]
[www.fintraksoftware.com/assets/web/assets/mobirise-icons2/mobirise2.css]
[www.fintraksoftware.com/assets/web/assets/mobirise-icons/mobirise-icons0e1c.eot]
[www.fintraksoftware.com/assets/web/assets/mobirise-icons/mobirise-icons0e1c.ttf]
[www.fintraksoftware.com/assets/web/assets/mobirise-icons/mobirise-icons.css]
[www.fintraksoftware.com/assets/bootstrap/css/bootstrap.min.css]
[www.fintraksoftware.com/assets/bootstrap/css/bootstrap-grid.min.css]
[www.fintraksoftware.com/assets/bootstrap/css/bootstrap-reboot.min.css]
[www.fintraksoftware.com/assets/dropdown/css/style.css]
[www.fintraksoftware.com/assets/animatecss/animate.min.css]
[www.fintraksoftware.com/assets/tether/tether.min.css]
[www.fintraksoftware.com/assets/socicon/fonts/socicon.eot]
[www.fintraksoftware.com/assets/socicon/fonts/socicond41d.eot]
[www.fintraksoftware.com/assets/socicon/fonts/socicon.ttf]
[www.fintraksoftware.com/assets/socicon/css/styles.css]
[www.fintraksoftware.com/assets/theme/css/style.css]
[www.fintraksoftware.com/assets/images/background4.jpg]
[www.fintraksoftware.com/assets/images/background4-1.jpg]
[www.fintraksoftware.com/assets/images/background21.jpg]
[www.fintraksoftware.com/assets/images/shutterstock-77661016-min-2000x1333.jpg]
[www.fintraksoftware.com/assets/images/shutterstock-197473244-min-2000x1333.jpg]
[www.fintraksoftware.com/assets/images/awrad-png-2000x276.png]
[www.fintraksoftware.com/assets/images/all-bong-98724-min-2-1200x600.jpg]
[www.fintraksoftware.com/assets/images/credit-2000x1019.jpg]
[www.fintraksoftware.com/assets/images/fabian-grohs-423591-min-2000x1407.jpg]
[www.fintraksoftware.com/assets/images/helloquence-61189-min-2000x1335.jpg]
[www.fintraksoftware.com/assets/images/lukas-blazek-367945-min-2000x1325.jpg]
[www.fintraksoftware.com/assets/images/shutterstock-225111760-min-2000x1343.jpg]
[www.fintraksoftware.com/assets/images/budget-2000x1335.jpg]
[www.fintraksoftware.com/assets/images/shutterstock-178724309-min-2000x1333.jpg]
[www.fintraksoftware.com/assets/images/rawpixel-com-557123-min-2000x1333.jpg]
[www.fintraksoftware.com/assets/images/rawpixel-com-558596-min-2000x1444.jpg]
[www.fintraksoftware.com/assets/images/ifrs-br-1284x244.jpg]
[www.fintraksoftware.com/assets/images/buget-br-1284x244.jpg]
[www.fintraksoftware.com/assets/images/mis-br-1284x244.jpg]
[www.fintraksoftware.com/assets/images/score-card-br-1284x244.jpg]
[www.fintraksoftware.com/assets/images/erms-br-1284x244.jpg]
[www.fintraksoftware.com/assets/images/bar-log-2000x155.jpg]
[www.fintraksoftware.com/assets/images/0922d233-54be-4a46-b37d-01a66e033504-1080x606.jpg]
[www.fintraksoftware.com/assets/mobirise/css/mbr-additional.css]
[www.fintraksoftware.com/assets/files/profile-007update.pdf]
[www.fintraksoftware.com/About.html]
[www.fintraksoftware.com/client.html]
[www.fintraksoftware.com/assets/images/f0563623-4274-4580-90a5-deef0903d048-632x474.jpg]
[www.fintraksoftware.com/assets/images/award-1332x743.jpg]
[www.fintraksoftware.com/assets/images/fintrak-pi360-640x360.png]
[www.fintraksoftware.com/assets/images/cloud-6-676x466.jpg]
[www.fintraksoftware.com/assets/images/background2.jpg]
[www.fintraksoftware.com/assets/images/background3.jpg]
[www.fintraksoftware.com/assets/images/pexels-pixabay-53621-676x398.jpg]
[www.fintraksoftware.com/assets/images/ofis-pipu-676x451.jpg]
[www.fintraksoftware.com/assets/images/grow-676x527.jpg]
[www.fintraksoftware.com/page14.html]
[www.fintraksoftware.com/assets/images/finance-meta.jpg]
[www.fintraksoftware.com/assets/images/businessman-using-tablet-analyzing-sales-data-economic-growth-graph-chart-34200-308-626x272.jpg]
[www.fintraksoftware.com/assets/images/close-up-hand-business-man-busy-office-desk-notebook-documents-working-1150-15424-626x417.jpg]
[www.fintraksoftware.com/assets/files/FinTrak Software Financial & Regulatory Reporting.pdf]
[www.fintraksoftware.com/finance.html]
[www.fintraksoftware.com/Core Banking.html]
[www.fintraksoftware.com/assets/images/MIS-meta.jpg]
[www.fintraksoftware.com/assets/files/FinTrak Enterprise Performance Management.pdf]
[www.fintraksoftware.com/MIS.html]
[www.fintraksoftware.com/assets/files/credit 360 materials gmd.pdf]
[www.fintraksoftware.com/Credit 360.html]
[www.fintraksoftware.com/assets/images/Budget-meta.jpg]
[www.fintraksoftware.com/assets/files/FinTrak Budget & Planning Processing.pdf]
[www.fintraksoftware.com/Budget.html]
[www.fintraksoftware.com/assets/images/ERMS-meta.jpg]
[www.fintraksoftware.com/assets/files/erms broch ok.pdf]
[www.fintraksoftware.com/ERMS.html]
[www.fintraksoftware.com/assets/images/Pi360-meta.jpg]
[www.fintraksoftware.com/Pi360.html]
[www.fintraksoftware.com/assets/images/DWBI-meta.jpg]
[www.fintraksoftware.com/assets/files/DWBI News letter.pdf]
[www.fintraksoftware.com/DWBI.html]
[www.fintraksoftware.com/Epayment.html]
[www.fintraksoftware.com/assets/images/Assurance-meta.jpg]
[www.fintraksoftware.com/assets/files/Asuurance new.pdf]
[www.fintraksoftware.com/Assurance.html]
[www.fintraksoftware.com/assets/web/assets/jquery/jquery.min.js]
[www.fintraksoftware.com/assets/popper/popper.min.js]
[www.fintraksoftware.com/assets/bootstrap/js/bootstrap.min.js]
[www.fintraksoftware.com/assets/smoothscroll/smooth-scroll.js]
[www.fintraksoftware.com/assets/dropdown/js/nav-dropdown.js]
[www.fintraksoftware.com/assets/dropdown/js/navbar-dropdown.js]
[www.fintraksoftware.com/assets/touchswipe/jquery.touch-swipe.min.js]
[www.fintraksoftware.com/assets/viewportchecker/jquery.viewportchecker.js]
[www.fintraksoftware.com/assets/ytplayer/jquery.mb.ytplayer.min.js]
[www.fintraksoftware.com/assets/vimeoplayer/jquery.mb.vimeo_player.js]
[player.vimeo.com/api/player.js]
[www.fintraksoftware.com/assets/tether/tether.min.js]
[www.fintraksoftware.com/assets/bootstrapcarouselswipe/bootstrap-carousel-swipe.js]
[www.fintraksoftware.com/assets/parallax/jarallax.min.js]
[www.fintraksoftware.com/assets/mbr-clients-slider/mbr-clients-slider.js]
[www.fintraksoftware.com/assets/theme/js/script.js]
[www.fintraksoftware.com/assets/slidervideo/script.js]
[www.fintraksoftware.com/assets/formoid/formoid.min.js]
[www.fintraksoftware.com/assets/web/assets/mobirise-icons2/mobirise21e04.html]
[www.fintraksoftware.com/assets/web/assets/mobirise-icons2/mobirise21e04.svg]
[www.fintraksoftware.com/assets/web/assets/mobirise-icons/mobirise-icons0e1c.html]
[www.fintraksoftware.com/assets/web/assets/mobirise-icons/mobirise-icons0e1c.svg]
[www.fintraksoftware.com/assets/socicon/fonts/socicon.html]
[www.fintraksoftware.com/assets/socicon/fonts/socicon-2.html]
[www.fintraksoftware.com/assets/socicon/fonts/socicon.svg]
[www.fintraksoftware.com/assets/files/Core banking web.html]
[www.fintraksoftware.com/popper.html]
[www.fintraksoftware.com/index-2.html]
[www.fintraksoftware.com/You must include the utils.js file before tether.html]
[www.fintraksoftware.com/Trident/index.html]
[www.fintraksoftware.com/Edge/index.html]
[www.fintraksoftware.com/sddefault.html]
[www.fintraksoftware.com/hqdefault.html]
[www.fintraksoftware.com/images/no-video.html]
[www.fintraksoftware.com/GET.html]
[www.fintraksoftware.com/images/video-placeholder.html]
[www.fintraksoftware.com/default.html]
